<?xml version="1.0" encoding="utf-8"?><testsuites><testsuite name="pytest" errors="0" failures="0" skipped="0" tests="5" time="0.029" timestamp="2024-10-30T07:28:26.858135+00:00" hostname="minikube"><testcase classname="sources.test_calc.TestCalc" name="test_add_floats" time="0.001" /><testcase classname="sources.test_calc.TestCalc" name="test_add_integers" time="0.001" /><testcase classname="sources.test_calc.TestCalc" name="test_add_string_and_integer" time="0.001" /><testcase classname="sources.test_calc.TestCalc" name="test_add_string_and_number" time="0.000" /><testcase classname="sources.test_calc.TestCalc" name="test_add_strings" time="0.000" /></testsuite></testsuites>